ï¿½: DRAï¿½ets Jun  8 2016 00:22:57

rst:0x1 (POWERON_RESET),boot:0x13 (SPI_FAST_FLASH_BOOT)
configsip: 0, SPIWP:0xee
clk_drv:0x00,q_drv:0x00,d_drv:0x00,cs0_drv:0x00,hd_drv:0x00,wp_drv:0x00
mode:DIO, clock div:2
load:0x3fff0030,len:7084
ho 0 tail 12 room 4
load:0x40078000,len:15584
load:0x40080400,len:4
load:0x40080404,len:3876
entry 0x4008064c
[0;32mI (31) boot: ESP-IDF v5.1.1-dirty 2nd stage bootloader[0m
[0;32mI (31) boot: compile time Mar 19 2024 08:09:15[0m
[0;32mI (31) boot: Multicore bootloader[0m
[0;32mI (36) boot: chip revision: v1.0[0m
[0;32mI (39) boot.esp32: SPI Speed      : 40MHz[0m
[0;32mI (44) boot.esp32: SPI Mode       : DIO[0m
[0;32mI (49) boot.esp32: SPI Flash Size : 4MB[0m
[0;32mI (53) boot: Enabling RNG early entropy source...[0m
[0;32mI (59) boot: Partition Table:[0m
[0;32mI (62) boot: ## Label            Usage          Type ST Offset   Length[0m
[0;32mI (70) boot:  0 nvs              WiFi data        01 02 00009000 00006000[0m
[0;32mI (77) boot:  1 phy_init         RF data          01 01 0000f000 00001000[0m
[0;32mI (84) boot:  2 factory          factory app      00 00 00010000 00100000[0m
[0;32mI (92) boot: End of partition table[0m
[0;32mI (96) esp_image: segment 0: paddr=00010020 vaddr=3f400020 size=09414h ( 37908) map[0m
[0;32mI (118) esp_image: segment 1: paddr=0001943c vaddr=3ffb0000 size=02140h (  8512) load[0m
[0;32mI (122) esp_image: segment 2: paddr=0001b584 vaddr=40080000 size=04a94h ( 19092) load[0m
[0;32mI (132) esp_image: segment 3: paddr=00020020 vaddr=400d0020 size=141d4h ( 82388) map[0m
[0;32mI (162) esp_image: segment 4: paddr=000341fc vaddr=40084a94 size=07550h ( 30032) load[0m
[0;32mI (181) boot: Loaded app from partition at offset 0x10000[0m
[0;32mI (181) boot: Disabling RNG early entropy source...[0m
[0;32mI (193) cpu_start: Multicore app[0m
[0;32mI (193) cpu_start: Pro cpu up.[0m
[0;32mI (193) cpu_start: Starting app cpu, entry point is 0x4008117c[0m
[0;32mI (0) cpu_start: App cpu up.[0m
[0;32mI (211) cpu_start: Pro cpu start user code[0m
[0;32mI (211) cpu_start: cpu freq: 160000000 Hz[0m
[0;32mI (211) cpu_start: Application information:[0m
[0;32mI (216) cpu_start: Project name:     blink_test[0m
[0;32mI (221) cpu_start: App version:      1[0m
[0;32mI (225) cpu_start: Compile time:     Mar 19 2024 08:09:03[0m
[0;32mI (232) cpu_start: ELF file SHA256:  86d204d0cf05cbf1...[0m
[0;32mI (238) cpu_start: ESP-IDF:          v5.1.1-dirty[0m
[0;32mI (243) cpu_start: Min chip rev:     v0.0[0m
[0;32mI (248) cpu_start: Max chip rev:     v3.99 [0m
[0;32mI (252) cpu_start: Chip rev:         v1.0[0m
[0;32mI (257) heap_init: Initializing. RAM available for dynamic allocation:[0m
[0;32mI (265) heap_init: At 3FFAE6E0 len 00001920 (6 KiB): DRAM[0m
[0;32mI (270) heap_init: At 3FFB2A68 len 0002D598 (181 KiB): DRAM[0m
[0;32mI (277) heap_init: At 3FFE0440 len 00003AE0 (14 KiB): D/IRAM[0m
[0;32mI (283) heap_init: At 3FFE4350 len 0001BCB0 (111 KiB): D/IRAM[0m
[0;32mI (289) heap_init: At 4008BFE4 len 0001401C (80 KiB): IRAM[0m
[0;32mI (297) spi_flash: detected chip: generic[0m
[0;32mI (300) spi_flash: flash io: dio[0m
[0;32mI (305) app_start: Starting scheduler on CPU0[0m
[0;32mI (309) app_start: Starting scheduler on CPU1[0m
[0;32mI (309) main_task: Started on CPU0[0m
[0;32mI (319) main_task: Calling app_main()[0m

#### Executing one test by its name #####

Running GPIO pin 2 high...
K:/ESP-IDF/PROJECT/Unit_test/blink/components/espressif__led_strip/test/test.c:17:GPIO pin 2 high:FAIL: Expected 1 Was 0

-----------------------
1 Tests 1 Failures 0 Ignored 
FAIL

#### Starting interactive test menu #####



Press ENTER to see the list of tests.
[0;31mE (5319) task_wdt: Task watchdog got triggered. The following tasks/users did not reset the watchdog in time:[0m
[0;31mE (5319) task_wdt:  - IDLE (CPU 0)[0m
[0;31mE (5319) task_wdt: Tasks currently running:[0m
[0;31mE (5319) task_wdt: CPU 0: main[0m
[0;31mE (5319) task_wdt: CPU 1: IDLE[0m
[0;31mE (5319) task_wdt: Print CPU 0 (current core) backtrace[0m


Backtrace: 0x400D781F:0x3FFB0E80 0x400D79A6:0x3FFB0EA0 0x40082A15:0x3FFB0EC0 0x400D5E45:0x3FFB4BC0 0x400D5F2E:0x3FFB4BF0 0x400D5D57:0x3FFB4C20 0x400D5FAA:0x3FFB4D40 0x400E3A44:0x3FFB4D60 0x40087C15:0x3FFB4D90

[0;31mE (10319) task_wdt: Task watchdog got triggered. The following tasks/users did not reset the watchdog in time:[0m
[0;31mE (10319) task_wdt:  - IDLE (CPU 0)[0m
[0;31mE (10319) task_wdt: Tasks currently running:[0m
[0;31mE (10319) task_wdt: CPU 0: main[0m
[0;31mE (10319) task_wdt: CPU 1: IDLE[0m
[0;31mE (10319) task_wdt: Print CPU 0 (current core) backtrace[0m


Backtrace: 0x400D781F:0x3FFB0E80 0x400D79A6:0x3FFB0EA0 0x40082A15:0x3FFB0EC0 0x400D5E45:0x3FFB4BC0 0x400D5F2E:0x3FFB4BF0 0x400D5D57:0x3FFB4C20 0x400D5FAA:0x3FFB4D40 0x400E3A44:0x3FFB4D60 0x40087C15:0x3FFB4D90

[B[B[B[B[B[B[B[B[0;31mE (15319) task_wdt: Task watchdog got triggered. The following tasks/users did not reset the watchdog in time:[0m
[0;31mE (15319) task_wdt:  - IDLE (CPU 0)[0m
[0;31mE (15319) task_wdt: Tasks currently running:[0m
[0;31mE (15319) task_wdt: CPU 0: main[0m
[0;31mE (15319) task_wdt: CPU 1: IDLE[0m
[0;31mE (15319) task_wdt: Print CPU 0 (current core) backtrace[0m


Backtrace: 0x400D781F:0x3FFB0E80 0x400D79A6:0x3FFB0EA0 0x40082A15:0x3FFB0EC0 0x400D5E45:0x3FFB4BC0 0x400D5F2E:0x3FFB4BF0 0x400D5D57:0x3FFB4C20 0x400D5FAA:0x3FFB4D40 0x400E3A44:0x3FFB4D60 0x40087C15:0x3FFB4D90

[B\\\